components/table-of-contents.tsx(69,27): error TS2339: Property 'text' does not exist on type 'Link<StyleSchemaFromSpecs<{ bold: { config: { type: string; propSchema: "boolean"; }; implementation: StyleImplementation<{ type: string; propSchema: "boolean"; }>; }; italic: { config: { type: string; propSchema: "boolean"; }; implementation: StyleImplementation<...>; }; ... 4 more ...; backgroundColor: StyleSpec<....'.
  Property 'text' does not exist on type 'Link<StyleSchemaFromSpecs<{ bold: { config: { type: string; propSchema: "boolean"; }; implementation: StyleImplementation<{ type: string; propSchema: "boolean"; }>; }; italic: { config: { type: string; propSchema: "boolean"; }; implementation: StyleImplementation<...>; }; ... 4 more ...; backgroundColor: StyleSpec<....'.
